// Jest Snapshot v1, https://goo.gl/fbAQLP

exports[`App snapshot renders 1`] = `
<div
  className="container"
>
  <div
    className="block"
  >
    <span
      className="hover-hand"
    >
      Reviews  
    </span>
    <span
      className="hover-hand"
    >
      Questions
    </span>
  </div>
  <div>
    <div
      className="block"
    >
      <div
        className="inline-block"
      >
        <h4>
          Reviews
        </h4>
        <p>
          Ratings Snapshot
        </p>
        <p>
          Select a row below to filter reviews.
        </p>
        <p>
          5 ★:
        </p>
        <p>
          4 ★:
        </p>
        <p>
          3 ★:
        </p>
        <p>
          2 ★:
        </p>
        <p>
          1 ★:
        </p>
      </div>
      <div
        className="inline-block"
      >
        <p>
          Average Customer Ratings
        </p>
        <p>
          Overall:
        </p>
        <p>
          Quality of Product:
        </p>
        <p>
          Value of Product:
        </p>
      </div>
    </div>
    <div
      className="block"
    >
      <div
        className="inline-block"
      >
        <p>
          Most Helpful Favorable Review
        </p>
        <p>
          Star Rating:
        </p>
        <span>
          Username:
            
        </span>
        <span>
          Date Posted:
          months ago
        </span>
        <p>
          Review title:
        </p>
        <p>
          Review content:
        </p>
        <p>
          of
          people found this helpful
        </p>
        <p>
          See more 4 and 5 star reviews
        </p>
      </div>
      <div
        className="inline-block"
      >
        <p>
          Most Helpful Critical Review
        </p>
        <p>
          Star Rating:
        </p>
        <span>
          Username:
            
        </span>
        <span>
          Date Posted:
          months ago
        </span>
        <p>
          Review title:
        </p>
        <p>
          Review content:
        </p>
        <p>
          of
          people found this helpful
        </p>
        <p>
          See more 1, 2, and 3 star reviews
        </p>
      </div>
    </div>
    <div
      className="block"
    >
      <span>
         out of 
         reviews
      </span>
    </div>
    <div
      className="block"
    >
      <span>
         out of 
         reviews
      </span>
    </div>
  </div>
</div>
`;
